// Vitest Snapshot v1, https://vitest.dev/guide/snapshot.html

exports[`MoviesView > should render correctly 1`] = `
<div>
  <movies-details-stub />
</div>
`;
